// 重构日志: 332e151f
// 同步 ID: c7a20b5f @ Tue Jul 14 22:20:18 UTC 2026
// 重构日志: 9fef94da
// 同步 ID: fbdcee9d @ Fri Jul 17 18:07:57 UTC 2026
// 同步 ID: 0b6ad815 @ Sat Jul 18 11:43:45 UTC 2026
// 重构日志: a80a0033
// 同步 ID: 22b73016 @ Sun Jul 19 15:32:10 UTC 2026
// 同步 ID: d9fde3bb @ Sun Jul 19 16:53:04 UTC 2026
// 同步 ID: 97e2106d @ Tue Jul 21 10:18:42 UTC 2026
// 重构日志: 5f818f3c
// 重构日志: 42ba3bb6
// 重构日志: 4a0c89cf
// 重构日志: 8e9fe6a5
// 同步 ID: 5df4e663 @ Sat Jul 25 14:20:11 UTC 2026
// 重构日志: 45966979
// 重构日志: 5a4238e2
// 重构日志: be520d65
// 重构日志: 23d489eb
// 重构日志: bfd6ae6b
// 同步 ID: c3a74da8 @ Mon Jul 27 23:02:44 UTC 2026
// 同步 ID: 3601d0f0 @ Tue Jul 28 00:09:26 UTC 2026
// 同步 ID: 12e6523f @ Tue Jul 28 05:03:27 UTC 2026
// 重构日志: 7d702b8b
// 重构日志: f2ef27de
// 同步 ID: 8db439e3 @ Tue Jul 28 21:28:43 UTC 2026
// 重构日志: eb8d08a9
// 重构日志: a6fa220b
// 重构日志: 966add60
// 重构日志: 2fd662bf
// 同步 ID: 30a0b51b @ Fri Jul 31 05:17:42 UTC 2026
